<?xml version="1.0" encoding="UTF-8"?>
<testsuites name="Mocha Tests" time="0.2940" tests="37" failures="0">
  <testsuite name="Root Suite" timestamp="2020-09-14T15:01:41" tests="0" time="0.0000" failures="0">
  </testsuite>
  <testsuite name="Test API contact" timestamp="2020-09-14T15:01:41" tests="0" file="C:\Users\Jeremy\Documents\GitHub\ks-frontend\test\contactApiSpec.js" time="0.0000" failures="0">
  </testsuite>
  <testsuite name="# Test wrong method" timestamp="2020-09-14T15:01:41" tests="1" file="C:\Users\Jeremy\Documents\GitHub\ks-frontend\test\contactApiSpec.js" time="0.0150" failures="0">
    <testcase name="Test API contact # Test wrong method Should return status 400 with message : Only method POST exists" time="0.0150" classname="Should return status 400 with message : Only method POST exists">
    </testcase>
  </testsuite>
  <testsuite name="# Test without all fields" timestamp="2020-09-14T15:01:41" tests="1" file="C:\Users\Jeremy\Documents\GitHub\ks-frontend\test\contactApiSpec.js" time="0.0060" failures="0">
    <testcase name="Test API contact # Test without all fields Should return status 400 with message : A field is missing" time="0.0060" classname="Should return status 400 with message : A field is missing">
    </testcase>
  </testsuite>
  <testsuite name="# Test with an invalid email length" timestamp="2020-09-14T15:01:41" tests="1" file="C:\Users\Jeremy\Documents\GitHub\ks-frontend\test\contactApiSpec.js" time="0.0060" failures="0">
    <testcase name="Test API contact # Test with an invalid email length Should return status 400 with message : Invalid email" time="0.0060" classname="Should return status 400 with message : Invalid email">
    </testcase>
  </testsuite>
  <testsuite name="# Test with an invalid name" timestamp="2020-09-14T15:01:41" tests="1" file="C:\Users\Jeremy\Documents\GitHub\ks-frontend\test\contactApiSpec.js" time="0.0060" failures="0">
    <testcase name="Test API contact # Test with an invalid name Should return status 400 with message : Invalid name" time="0.0060" classname="Should return status 400 with message : Invalid name">
    </testcase>
  </testsuite>
  <testsuite name="# Success" timestamp="2020-09-14T15:01:41" tests="1" file="C:\Users\Jeremy\Documents\GitHub\ks-frontend\test\contactApiSpec.js" time="0.0080" failures="0">
    <testcase name="Test API contact # Success Should be a success, return status 200 with success : ok" time="0.0080" classname="Should be a success, return status 200 with success : ok">
    </testcase>
  </testsuite>
  <testsuite name="Test InputValidation functions" timestamp="2020-09-14T15:01:41" tests="0" file="C:\Users\Jeremy\Documents\GitHub\ks-frontend\test\inputValidationSpec.js" time="0.0000" failures="0">
  </testsuite>
  <testsuite name="# verifyEmail" timestamp="2020-09-14T15:01:41" tests="3" file="C:\Users\Jeremy\Documents\GitHub\ks-frontend\test\inputValidationSpec.js" time="0.0010" failures="0">
    <testcase name="Test InputValidation functions # verifyEmail function should exist" time="0.0010" classname="function should exist">
    </testcase>
    <testcase name="Test InputValidation functions # verifyEmail test with a valid email, should return success" time="0.0000" classname="test with a valid email, should return success">
    </testcase>
    <testcase name="Test InputValidation functions # verifyEmail test with an invalid email, should return an error" time="0.0000" classname="test with an invalid email, should return an error">
    </testcase>
  </testsuite>
  <testsuite name="# verifyName" timestamp="2020-09-14T15:01:41" tests="3" file="C:\Users\Jeremy\Documents\GitHub\ks-frontend\test\inputValidationSpec.js" time="0.0010" failures="0">
    <testcase name="Test InputValidation functions # verifyName function should exist" time="0.0000" classname="function should exist">
    </testcase>
    <testcase name="Test InputValidation functions # verifyName test with a valid name, should return success" time="0.0010" classname="test with a valid name, should return success">
    </testcase>
    <testcase name="Test InputValidation functions # verifyName test with an invalid name, should return an error" time="0.0000" classname="test with an invalid name, should return an error">
    </testcase>
  </testsuite>
  <testsuite name="# verifyAddress" timestamp="2020-09-14T15:01:41" tests="3" file="C:\Users\Jeremy\Documents\GitHub\ks-frontend\test\inputValidationSpec.js" time="0.0000" failures="0">
    <testcase name="Test InputValidation functions # verifyAddress function should exist" time="0.0000" classname="function should exist">
    </testcase>
    <testcase name="Test InputValidation functions # verifyAddress test with a valid address, should return success" time="0.0000" classname="test with a valid address, should return success">
    </testcase>
    <testcase name="Test InputValidation functions # verifyAddress test with an invalid address, should return an error" time="0.0000" classname="test with an invalid address, should return an error">
    </testcase>
  </testsuite>
  <testsuite name="# verifyInteger" timestamp="2020-09-14T15:01:41" tests="3" file="C:\Users\Jeremy\Documents\GitHub\ks-frontend\test\inputValidationSpec.js" time="0.0010" failures="0">
    <testcase name="Test InputValidation functions # verifyInteger function should exist" time="0.0000" classname="function should exist">
    </testcase>
    <testcase name="Test InputValidation functions # verifyInteger test with a valid integer, should return success" time="0.0000" classname="test with a valid integer, should return success">
    </testcase>
    <testcase name="Test InputValidation functions # verifyInteger test with an invalid integer, should return an error" time="0.0010" classname="test with an invalid integer, should return an error">
    </testcase>
  </testsuite>
  <testsuite name="# verifyPhonenumber" timestamp="2020-09-14T15:01:41" tests="3" file="C:\Users\Jeremy\Documents\GitHub\ks-frontend\test\inputValidationSpec.js" time="0.0000" failures="0">
    <testcase name="Test InputValidation functions # verifyPhonenumber function should exist" time="0.0000" classname="function should exist">
    </testcase>
    <testcase name="Test InputValidation functions # verifyPhonenumber test with a valid phone number, should return success" time="0.0000" classname="test with a valid phone number, should return success">
    </testcase>
    <testcase name="Test InputValidation functions # verifyPhonenumber test with an invalid phone number, should return an error" time="0.0000" classname="test with an invalid phone number, should return an error">
    </testcase>
  </testsuite>
  <testsuite name="# isLess18ThanYears" timestamp="2020-09-14T15:01:41" tests="3" file="C:\Users\Jeremy\Documents\GitHub\ks-frontend\test\inputValidationSpec.js" time="0.0010" failures="0">
    <testcase name="Test InputValidation functions # isLess18ThanYears function should exist" time="0.0000" classname="function should exist">
    </testcase>
    <testcase name="Test InputValidation functions # isLess18ThanYears test with an age &gt; 18, should return success" time="0.0010" classname="test with an age &gt; 18, should return success">
    </testcase>
    <testcase name="Test InputValidation functions # isLess18ThanYears test with an age &lt; 18, should return an error" time="0.0000" classname="test with an age &lt; 18, should return an error">
    </testcase>
  </testsuite>
  <testsuite name="Test API login" timestamp="2020-09-14T15:01:41" tests="0" file="C:\Users\Jeremy\Documents\GitHub\ks-frontend\test\loginApiSpec.js" time="0.0000" failures="0">
  </testsuite>
  <testsuite name="# Test with an invalid method" timestamp="2020-09-14T15:01:42" tests="1" file="C:\Users\Jeremy\Documents\GitHub\ks-frontend\test\loginApiSpec.js" time="0.0080" failures="0">
    <testcase name="Test API login # Test with an invalid method Should return status 405 with message : Only method POST required" time="0.0080" classname="Should return status 405 with message : Only method POST required">
    </testcase>
  </testsuite>
  <testsuite name="# Test without all fields" timestamp="2020-09-14T15:01:42" tests="1" file="C:\Users\Jeremy\Documents\GitHub\ks-frontend\test\loginApiSpec.js" time="0.0060" failures="0">
    <testcase name="Test API login # Test without all fields Should return status 401 with message : A field is missing" time="0.0060" classname="Should return status 401 with message : A field is missing">
    </testcase>
  </testsuite>
  <testsuite name="# Test with an invalid email format" timestamp="2020-09-14T15:01:42" tests="1" file="C:\Users\Jeremy\Documents\GitHub\ks-frontend\test\loginApiSpec.js" time="0.0050" failures="0">
    <testcase name="Test API login # Test with an invalid email format Should return status 401 with message : Invalid email" time="0.0050" classname="Should return status 401 with message : Invalid email">
    </testcase>
  </testsuite>
  <testsuite name="# Test without any problem" timestamp="2020-09-14T15:01:42" tests="1" file="C:\Users\Jeremy\Documents\GitHub\ks-frontend\test\loginApiSpec.js" time="0.0860" failures="0">
    <testcase name="Test API login # Test without any problem Should return status 200 with message : Connected" time="0.0860" classname="Should return status 200 with message : Connected">
    </testcase>
  </testsuite>
  <testsuite name="Test API register" timestamp="2020-09-14T15:01:42" tests="0" file="C:\Users\Jeremy\Documents\GitHub\ks-frontend\test\registerApiSpec.js" time="0.0000" failures="0">
  </testsuite>
  <testsuite name="# Test wrong method" timestamp="2020-09-14T15:01:42" tests="1" file="C:\Users\Jeremy\Documents\GitHub\ks-frontend\test\registerApiSpec.js" time="0.0070" failures="0">
    <testcase name="Test API register # Test wrong method Should return status 400 with message : Only method POST exists" time="0.0070" classname="Should return status 400 with message : Only method POST exists">
    </testcase>
  </testsuite>
  <testsuite name="# Test without all fields" timestamp="2020-09-14T15:01:42" tests="1" file="C:\Users\Jeremy\Documents\GitHub\ks-frontend\test\registerApiSpec.js" time="0.0080" failures="0">
    <testcase name="Test API register # Test without all fields Should return status 401 with message : A field is missing" time="0.0080" classname="Should return status 401 with message : A field is missing">
    </testcase>
  </testsuite>
  <testsuite name="# Test with an invalid email length" timestamp="2020-09-14T15:01:42" tests="1" file="C:\Users\Jeremy\Documents\GitHub\ks-frontend\test\registerApiSpec.js" time="0.0060" failures="0">
    <testcase name="Test API register # Test with an invalid email length Should return status 401 with message : Invalid email" time="0.0060" classname="Should return status 401 with message : Invalid email">
    </testcase>
  </testsuite>
  <testsuite name="# Test with an invalid email format" timestamp="2020-09-14T15:01:42" tests="1" file="C:\Users\Jeremy\Documents\GitHub\ks-frontend\test\registerApiSpec.js" time="0.0050" failures="0">
    <testcase name="Test API register # Test with an invalid email format Should return status 401 with message : Invalid email" time="0.0050" classname="Should return status 401 with message : Invalid email">
    </testcase>
  </testsuite>
  <testsuite name="# Test with an invalid password length" timestamp="2020-09-14T15:01:42" tests="1" file="C:\Users\Jeremy\Documents\GitHub\ks-frontend\test\registerApiSpec.js" time="0.0040" failures="0">
    <testcase name="Test API register # Test with an invalid password length Should return status 401 with message : Password is too short" time="0.0040" classname="Should return status 401 with message : Password is too short">
    </testcase>
  </testsuite>
  <testsuite name="# Test with an invalid firstname" timestamp="2020-09-14T15:01:42" tests="1" file="C:\Users\Jeremy\Documents\GitHub\ks-frontend\test\registerApiSpec.js" time="0.0040" failures="0">
    <testcase name="Test API register # Test with an invalid firstname Should return status 401 with message : Invalid firstname or lastname" time="0.0040" classname="Should return status 401 with message : Invalid firstname or lastname">
    </testcase>
  </testsuite>
  <testsuite name="# Test with an invalid laststname" timestamp="2020-09-14T15:01:42" tests="1" file="C:\Users\Jeremy\Documents\GitHub\ks-frontend\test\registerApiSpec.js" time="0.0050" failures="0">
    <testcase name="Test API register # Test with an invalid laststname Should return status 401 with message : Invalid firstname or lastname" time="0.0050" classname="Should return status 401 with message : Invalid firstname or lastname">
    </testcase>
  </testsuite>
  <testsuite name="# Test with an invalid phonenumber" timestamp="2020-09-14T15:01:42" tests="1" file="C:\Users\Jeremy\Documents\GitHub\ks-frontend\test\registerApiSpec.js" time="0.0060" failures="0">
    <testcase name="Test API register # Test with an invalid phonenumber Should return status 401 with message : Invalid phone number" time="0.0060" classname="Should return status 401 with message : Invalid phone number">
    </testcase>
  </testsuite>
  <testsuite name="# Test with an age &lt; 18" timestamp="2020-09-14T15:01:42" tests="1" file="C:\Users\Jeremy\Documents\GitHub\ks-frontend\test\registerApiSpec.js" time="0.0050" failures="0">
    <testcase name="Test API register # Test with an age &lt; 18 Should return status 401 with message : User musts be at least 18 years old" time="0.0050" classname="Should return status 401 with message : User musts be at least 18 years old">
    </testcase>
  </testsuite>
  <testsuite name="# Test without any problem" timestamp="2020-09-14T15:01:42" tests="1" file="C:\Users\Jeremy\Documents\GitHub\ks-frontend\test\registerApiSpec.js" time="0.0940" failures="0">
    <testcase name="Test API register # Test without any problem Should return status 200 with success" time="0.0940" classname="Should return status 200 with success">
    </testcase>
  </testsuite>
</testsuites>